# serializer version: 1
# name: test_metadata_preserved
  dict({
    'fileType': 'SerumPreset',
    'hash': '4b6bcbf1bd77d60f0a0c0f89cb2966ff',
    'presetAuthor': 'endeavour    ',
    'presetDescription': ' ',
    'presetName': 'Synth__LFOish',
    'product': 'Serum2',
    'productVersion': '2.0.16',
    'tags': list([
      'Wavetable',
      'Poly',
    ]),
    'url': 'https://xferrecords.com/',
    'vendor': 'Xfer Records',
    'version': 6.0,
  })
# ---
# name: test_round_trip_conversion
  dict({
    'data': dict({
      'Arp0': dict({
        'plainParams': 'default',
      }),
      'ArpClip0': dict({
        'clip': dict({
        }),
        'plainParams': 'default',
      }),
      'ArpClip1': dict({
        'clip': dict({
        }),
        'plainParams': 'default',
      }),
      'ArpClip10': dict({
        'clip': dict({
        }),
        'plainParams': 'default',
      }),
      'ArpClip11': dict({
        'clip': dict({
        }),
        'plainParams': 'default',
      }),
      'ArpClip2': dict({
        'clip': dict({
        }),
        'plainParams': 'default',
      }),
      'ArpClip3': dict({
        'clip': dict({
        }),
        'plainParams': 'default',
      }),
      'ArpClip4': dict({
        'clip': dict({
        }),
        'plainParams': 'default',
      }),
      'ArpClip5': dict({
        'clip': dict({
        }),
        'plainParams': 'default',
      }),
      'ArpClip6': dict({
        'clip': dict({
        }),
        'plainParams': 'default',
      }),
      'ArpClip7': dict({
        'clip': dict({
        }),
        'plainParams': 'default',
      }),
      'ArpClip8': dict({
        'clip': dict({
        }),
        'plainParams': 'default',
      }),
      'ArpClip9': dict({
        'clip': dict({
        }),
        'plainParams': 'default',
      }),
      'ClipPlayer': dict({
        'kUIParamPianoRollNotePreview': 1.0,
        'kUIParamPreviewClip': 0.0,
        'kUIParamSelectedClip': 0.0,
      }),
      'ClipPlayer0': dict({
        'plainParams': 'default',
      }),
      'Env0': dict({
        'plainParams': dict({
          'kParamAttack': 0.0005153631860372542,
          'kParamCurve1': 40.00000059604645,
          'kParamCurve2': 60.00000238418579,
          'kParamCurve3': 60.00000238418579,
          'kParamDecay': 0.4234790446837952,
          'kParamRelease': 0.014700845522658545,
          'kParamSustain': 0.7105262875556946,
        }),
      }),
      'Env1': dict({
        'plainParams': dict({
          'kParamAttack': 0.0005153631860372542,
          'kParamCurve1': 40.00000059604645,
          'kParamCurve2': 60.00000238418579,
          'kParamCurve3': 60.00000238418579,
          'kParamRelease': 0.014700845522658545,
        }),
      }),
      'Env2': dict({
        'plainParams': dict({
          'kParamAttack': 0.0005153631860372542,
          'kParamCurve1': 40.00000059604645,
          'kParamCurve2': 60.00000238418579,
          'kParamCurve3': 60.00000238418579,
          'kParamRelease': 0.014700845522658545,
        }),
      }),
      'Env3': dict({
        'plainParams': dict({
          'kParamCurve1': 50.0,
          'kParamCurve2': 66.60000000000001,
          'kParamCurve3': 66.60000000000001,
        }),
      }),
      'FXRack0': dict({
        'FX': list([
          dict({
            'FXEQ': dict({
              'plainParams': dict({
                'kParamFreq1': 209.61696906559536,
                'kParamFreq2': 2166.6000586664372,
                'kParamGain2': 3.5789451599121094,
                'kParamReso1': 50.789475440979004,
                'kParamReso2': 69.21052932739258,
              }),
            }),
            'type': 7,
          }),
          dict({
            'FXFlanger': dict({
              'lfophasor': 0.8317506909370422,
              'plainParams': dict({
                'kParamDepth': 84.64912176132202,
                'kParamFeedback': 37.71929740905762,
                'kParamRate': 0.14043214171193777,
                'kParamWidth': 172.1052610874176,
              }),
            }),
            'kUIParamMixOrGain': 0.0,
            'type': 1,
          }),
          dict({
            'FXChorus': dict({
              'lfophasor': 0.6879923343658447,
              'plainParams': dict({
                'kParamFeedback': 9.500000141561031,
              }),
            }),
            'kUIParamMixOrGain': 0.0,
            'type': 3,
          }),
          dict({
            'FXReverb': dict({
              'plainParams': dict({
                'kParamDelay': 0.0,
                'kParamFeedback': 28.00000011920929,
                'kParamFreqB': 50.0,
                'kParamPreDelay': 0.00359999983906746,
                'kParamSize': 33.000001311302185,
                'kParamWet': 10.964912176132202,
                'kParamWidth': 100.0,
              }),
            }),
            'kUIParamMixOrGain': 0.0,
            'type': 6,
          }),
        ]),
        'displayName': '',
        'plainParams': 'default',
      }),
      'FXRack1': dict({
        'FX': list([
        ]),
        'displayName': '',
        'plainParams': 'default',
      }),
      'FXRack2': dict({
        'FX': list([
        ]),
        'displayName': '',
        'plainParams': 'default',
      }),
      'Filter': dict({
        'kUIParamMixOrGain': 0.0,
      }),
      'Global0': dict({
        'plainParams': dict({
          'kParamLimitSameNotePolyphony': 1.0,
          'kParamMasterVolume': 0.29297234014183177,
          'kParamOversampling': 2.0,
          'kParamPolyCount': 16.0,
          'kParamPortamentoTime': 0.00026632126993771614,
          'kParamS1Compatibility': 1.0,
        }),
      }),
      'GranularOsc': list([
        dict({
          'kUIParamDisplayXYInput': 0.0,
        }),
        dict({
          'kUIParamDisplayXYInput': 0.0,
        }),
        dict({
          'kUIParamDisplayXYInput': 0.0,
        }),
      ]),
      'LFO0': dict({
        'curveData': dict({
          'curveVals': list([
            0.4999998,
            0.4999998,
            0.4999999701976776,
          ]),
          'loopbackPointNum': 65,
          'numPoints': 2,
          'xVals': list([
            0.0,
            0.5,
            1.0,
          ]),
          'yVals': list([
            1.0,
            0.0,
            1.0,
          ]),
        }),
        'pathData': dict({
        }),
        'plainParams': dict({
          'kParamDefaultMode': 0.0,
          'kParamMode': 'Free',
          'kParamRate': 3.1430085113453043,
          'kParamSmooth': 24.122805893421173,
        }),
      }),
      'LFO1': dict({
        'curveData': dict({
          'curveVals': list([
            0.4999999701976776,
            0.4999999701976776,
            0.4999999701976776,
          ]),
          'loopbackPointNum': 65,
          'numPoints': 2,
          'xVals': list([
            0.0,
            0.5,
            1.0,
          ]),
          'yVals': list([
            1.0,
            0.0,
            1.0,
          ]),
        }),
        'pathData': dict({
        }),
        'plainParams': dict({
          'kParamDefaultMode': 0.0,
          'kParamMode': 'Free',
        }),
      }),
      'LFO2': dict({
        'curveData': dict({
          'curveVals': list([
            0.4999999701976776,
            0.4999999701976776,
            0.4999999701976776,
          ]),
          'loopbackPointNum': 65,
          'numPoints': 2,
          'xVals': list([
            0.0,
            0.5,
            1.0,
          ]),
          'yVals': list([
            1.0,
            0.0,
            1.0,
          ]),
        }),
        'pathData': dict({
        }),
        'plainParams': dict({
          'kParamDefaultMode': 0.0,
          'kParamMode': 'Free',
        }),
      }),
      'LFO3': dict({
        'curveData': dict({
          'curveVals': list([
            0.4999999701976776,
            0.4999999701976776,
            0.4999999701976776,
          ]),
          'loopbackPointNum': 65,
          'numPoints': 2,
          'xVals': list([
            0.0,
            0.5,
            1.0,
          ]),
          'yVals': list([
            1.0,
            0.0,
            1.0,
          ]),
        }),
        'pathData': dict({
        }),
        'plainParams': dict({
          'kParamDefaultMode': 0.0,
          'kParamMode': 'Free',
        }),
      }),
      'LFO4': dict({
        'curveData': dict({
        }),
        'pathData': dict({
        }),
        'plainParams': dict({
          'kParamDefaultMode': 0.0,
          'kParamMode': 'Free',
        }),
      }),
      'LFO5': dict({
        'curveData': dict({
        }),
        'pathData': dict({
        }),
        'plainParams': dict({
          'kParamDefaultMode': 0.0,
          'kParamMode': 'Free',
        }),
      }),
      'LFO6': dict({
        'curveData': dict({
        }),
        'pathData': dict({
        }),
        'plainParams': dict({
          'kParamDefaultMode': 0.0,
          'kParamMode': 'Free',
        }),
      }),
      'LFO7': dict({
        'curveData': dict({
        }),
        'pathData': dict({
        }),
        'plainParams': dict({
          'kParamDefaultMode': 0.0,
          'kParamMode': 'Free',
        }),
      }),
      'LFO8': dict({
        'curveData': dict({
        }),
        'pathData': dict({
        }),
        'plainParams': dict({
          'kParamBeatSync': 0.0,
          'kParamDefaultMode': 0.0,
          'kParamDotted': 1.0,
          'kParamRate': 0.10000069729266844,
          'kParamRate10x': 1.0,
          'kParamTriplets': 1.0,
          'kParamType': 'Lorenz',
        }),
      }),
      'LFO9': dict({
        'curveData': dict({
        }),
        'pathData': dict({
        }),
        'plainParams': dict({
          'kParamBeatSync': 0.0,
          'kParamDefaultMode': 0.0,
          'kParamDotted': 1.0,
          'kParamRate': 0.10000069729266844,
          'kParamRate10x': 1.0,
          'kParamTriplets': 1.0,
          'kParamType': 'Rossler',
        }),
      }),
      'LFOPointModBus0': dict({
        'plainParams': 'default',
      }),
      'LFOPointModBus1': dict({
        'plainParams': 'default',
      }),
      'LFOPointModBus10': dict({
        'plainParams': 'default',
      }),
      'LFOPointModBus11': dict({
        'plainParams': 'default',
      }),
      'LFOPointModBus12': dict({
        'plainParams': 'default',
      }),
      'LFOPointModBus13': dict({
        'plainParams': 'default',
      }),
      'LFOPointModBus14': dict({
        'plainParams': 'default',
      }),
      'LFOPointModBus15': dict({
        'plainParams': 'default',
      }),
      'LFOPointModBus2': dict({
        'plainParams': 'default',
      }),
      'LFOPointModBus3': dict({
        'plainParams': 'default',
      }),
      'LFOPointModBus4': dict({
        'plainParams': 'default',
      }),
      'LFOPointModBus5': dict({
        'plainParams': 'default',
      }),
      'LFOPointModBus6': dict({
        'plainParams': 'default',
      }),
      'LFOPointModBus7': dict({
        'plainParams': 'default',
      }),
      'LFOPointModBus8': dict({
        'plainParams': 'default',
      }),
      'LFOPointModBus9': dict({
        'plainParams': 'default',
      }),
      'Macro0': dict({
        'plainParams': 'default',
      }),
      'Macro1': dict({
        'plainParams': 'default',
      }),
      'Macro2': dict({
        'plainParams': 'default',
      }),
      'Macro3': dict({
        'plainParams': 'default',
      }),
      'Macro4': dict({
        'plainParams': 'default',
      }),
      'Macro5': dict({
        'plainParams': 'default',
      }),
      'Macro6': dict({
        'plainParams': 'default',
      }),
      'Macro7': dict({
        'plainParams': 'default',
      }),
      'MidiClip0': dict({
        'clip': dict({
        }),
        'plainParams': 'default',
      }),
      'MidiClip1': dict({
        'clip': dict({
        }),
        'plainParams': 'default',
      }),
      'MidiClip10': dict({
        'clip': dict({
        }),
        'plainParams': 'default',
      }),
      'MidiClip11': dict({
        'clip': dict({
        }),
        'plainParams': 'default',
      }),
      'MidiClip2': dict({
        'clip': dict({
        }),
        'plainParams': 'default',
      }),
      'MidiClip3': dict({
        'clip': dict({
        }),
        'plainParams': 'default',
      }),
      'MidiClip4': dict({
        'clip': dict({
        }),
        'plainParams': 'default',
      }),
      'MidiClip5': dict({
        'clip': dict({
        }),
        'plainParams': 'default',
      }),
      'MidiClip6': dict({
        'clip': dict({
        }),
        'plainParams': 'default',
      }),
      'MidiClip7': dict({
        'clip': dict({
        }),
        'plainParams': 'default',
      }),
      'MidiClip8': dict({
        'clip': dict({
        }),
        'plainParams': 'default',
      }),
      'MidiClip9': dict({
        'clip': dict({
        }),
        'plainParams': 'default',
      }),
      'ModSlot0': dict({
        'destModuleID': 0,
        'destModuleParamID': 3,
        'destModuleParamName': 'kParamFreq',
        'destModuleTypeString': 'VoiceFilter',
        'plainParams': dict({
          'kParamAmount': 100.0,
          'kParamBipolar': 1.0,
        }),
        'source': list([
          6,
          0,
        ]),
      }),
      'ModSlot1': dict({
        'plainParams': 'default',
      }),
      'ModSlot10': dict({
        'plainParams': 'default',
      }),
      'ModSlot11': dict({
        'plainParams': 'default',
      }),
      'ModSlot12': dict({
        'plainParams': 'default',
      }),
      'ModSlot13': dict({
        'plainParams': 'default',
      }),
      'ModSlot14': dict({
        'plainParams': 'default',
      }),
      'ModSlot15': dict({
        'plainParams': 'default',
      }),
      'ModSlot16': dict({
        'plainParams': 'default',
      }),
      'ModSlot17': dict({
        'plainParams': 'default',
      }),
      'ModSlot18': dict({
        'plainParams': 'default',
      }),
      'ModSlot19': dict({
        'plainParams': 'default',
      }),
      'ModSlot2': dict({
        'plainParams': 'default',
      }),
      'ModSlot20': dict({
        'plainParams': 'default',
      }),
      'ModSlot21': dict({
        'plainParams': 'default',
      }),
      'ModSlot22': dict({
        'plainParams': 'default',
      }),
      'ModSlot23': dict({
        'plainParams': 'default',
      }),
      'ModSlot24': dict({
        'plainParams': 'default',
      }),
      'ModSlot25': dict({
        'plainParams': 'default',
      }),
      'ModSlot26': dict({
        'plainParams': 'default',
      }),
      'ModSlot27': dict({
        'plainParams': 'default',
      }),
      'ModSlot28': dict({
        'plainParams': 'default',
      }),
      'ModSlot29': dict({
        'plainParams': 'default',
      }),
      'ModSlot3': dict({
        'plainParams': 'default',
      }),
      'ModSlot30': dict({
        'plainParams': 'default',
      }),
      'ModSlot31': dict({
        'plainParams': 'default',
      }),
      'ModSlot32': dict({
        'plainParams': 'default',
      }),
      'ModSlot33': dict({
        'plainParams': 'default',
      }),
      'ModSlot34': dict({
        'plainParams': 'default',
      }),
      'ModSlot35': dict({
        'plainParams': 'default',
      }),
      'ModSlot36': dict({
        'plainParams': 'default',
      }),
      'ModSlot37': dict({
        'plainParams': 'default',
      }),
      'ModSlot38': dict({
        'plainParams': 'default',
      }),
      'ModSlot39': dict({
        'plainParams': 'default',
      }),
      'ModSlot4': dict({
        'plainParams': 'default',
      }),
      'ModSlot40': dict({
        'plainParams': 'default',
      }),
      'ModSlot41': dict({
        'plainParams': 'default',
      }),
      'ModSlot42': dict({
        'plainParams': 'default',
      }),
      'ModSlot43': dict({
        'plainParams': 'default',
      }),
      'ModSlot44': dict({
        'plainParams': 'default',
      }),
      'ModSlot45': dict({
        'plainParams': 'default',
      }),
      'ModSlot46': dict({
        'plainParams': 'default',
      }),
      'ModSlot47': dict({
        'plainParams': 'default',
      }),
      'ModSlot48': dict({
        'plainParams': 'default',
      }),
      'ModSlot49': dict({
        'plainParams': 'default',
      }),
      'ModSlot5': dict({
        'plainParams': 'default',
      }),
      'ModSlot50': dict({
        'plainParams': 'default',
      }),
      'ModSlot51': dict({
        'plainParams': 'default',
      }),
      'ModSlot52': dict({
        'plainParams': 'default',
      }),
      'ModSlot53': dict({
        'plainParams': 'default',
      }),
      'ModSlot54': dict({
        'plainParams': 'default',
      }),
      'ModSlot55': dict({
        'plainParams': 'default',
      }),
      'ModSlot56': dict({
        'plainParams': 'default',
      }),
      'ModSlot57': dict({
        'plainParams': 'default',
      }),
      'ModSlot58': dict({
        'plainParams': 'default',
      }),
      'ModSlot59': dict({
        'plainParams': 'default',
      }),
      'ModSlot6': dict({
        'plainParams': 'default',
      }),
      'ModSlot60': dict({
        'plainParams': 'default',
      }),
      'ModSlot61': dict({
        'plainParams': 'default',
      }),
      'ModSlot62': dict({
        'plainParams': 'default',
      }),
      'ModSlot63': dict({
        'plainParams': 'default',
      }),
      'ModSlot7': dict({
        'plainParams': 'default',
      }),
      'ModSlot8': dict({
        'plainParams': 'default',
      }),
      'ModSlot9': dict({
        'plainParams': 'default',
      }),
      'MultiSampleOsc': list([
        dict({
          'kUIParamMultiSampleOverviewMouseTag': 0.0,
        }),
        dict({
          'kUIParamMultiSampleOverviewMouseTag': 0.0,
        }),
        dict({
          'kUIParamMultiSampleOverviewMouseTag': 0.0,
        }),
      ]),
      'Osc': list([
        dict({
          'kUIParamAutoSyncSlicing': 0.0,
          'kUIParamShowMarkerAnimations': 0.0,
          'kUIParamZoomToStartEnd': 0.0,
        }),
        dict({
          'kUIParamAutoSyncSlicing': 0.0,
          'kUIParamShowMarkerAnimations': 0.0,
          'kUIParamZoomToStartEnd': 0.0,
        }),
        dict({
          'kUIParamAutoSyncSlicing': 0.0,
          'kUIParamShowMarkerAnimations': 0.0,
          'kUIParamZoomToStartEnd': 0.0,
        }),
        dict({
          'kUIParamAutoSyncSlicing': 0.0,
          'kUIParamShowMarkerAnimations': 0.0,
          'kUIParamZoomToStartEnd': 0.0,
        }),
        dict({
          'kUIParamAutoSyncSlicing': 0.0,
          'kUIParamShowMarkerAnimations': 0.0,
          'kUIParamZoomToStartEnd': 0.0,
        }),
      ]),
      'Oscillator0': dict({
        'GranularOsc0': dict({
          'plainParams': 'default',
        }),
        'MultiSampleOsc0': dict({
          'plainParams': 'default',
        }),
        'SampleOsc0': dict({
          'plainParams': 'default',
        }),
        'SpectralOsc0': dict({
          'plainParams': 'default',
        }),
        'WTOsc0': dict({
          'flex': dict({
            'curveVals': list([
              0.4999999701976776,
              0.4999999701976776,
            ]),
            'numPoints': 1,
            'xVals': list([
              0.0,
              1.0,
            ]),
            'yVals': list([
              1.0,
              0.0,
            ]),
          }),
          'numChannels': 1,
          'numFrames': 81920,
          'plainParams': dict({
            'kParamInitialPhase': 173.68422389030457,
            'kParamWarp': 0.23245611786842346,
            'kParamWarpMenu': 'kSync',
          }),
          'relativePathToWT': 'Analog/Acid.wav',
          'sampleRate': 44100,
        }),
        'plainParams': dict({
          'kParamPan': -0.43859779834747314,
        }),
      }),
      'Oscillator1': dict({
        'GranularOsc1': dict({
          'plainParams': 'default',
        }),
        'MultiSampleOsc1': dict({
          'plainParams': 'default',
        }),
        'SampleOsc1': dict({
          'plainParams': 'default',
        }),
        'SpectralOsc1': dict({
          'plainParams': 'default',
        }),
        'WTOsc1': dict({
          'flex': dict({
            'curveVals': list([
              0.4999999701976776,
              0.4999999701976776,
            ]),
            'numPoints': 1,
            'xVals': list([
              0.0,
              1.0,
            ]),
            'yVals': list([
              1.0,
              0.0,
            ]),
          }),
          'numChannels': 1,
          'numFrames': 83968,
          'plainParams': dict({
            'kParamWarpMenu': 'kSync',
          }),
          'relativePathToWT': 'Vowel/WahWah.wav',
          'sampleRate': 44100,
        }),
        'plainParams': dict({
          'kParamEnable': 1.0,
        }),
      }),
      'Oscillator2': dict({
        'GranularOsc2': dict({
          'plainParams': 'default',
        }),
        'MultiSampleOsc2': dict({
          'plainParams': 'default',
        }),
        'SampleOsc2': dict({
          'plainParams': 'default',
        }),
        'SpectralOsc2': dict({
          'plainParams': 'default',
        }),
        'WTOsc2': dict({
          'flex': dict({
          }),
          'numChannels': 1,
          'numFrames': 18432,
          'plainParams': 'default',
          'relativePathToWT': 'S2 Tables/Default Shapes.wav',
          'sampleRate': 44100,
        }),
        'plainParams': 'default',
      }),
      'Oscillator3': dict({
        'NoiseOsc3': dict({
          'detuneFactor': 0.4758218478413068,
          'numChannels': 1,
          'numFrames': 63729,
          'plainParams': 'default',
          'relativePathToNoiseSample': 'Organics/Air Can 4.wav',
          'sampleRate': 44100,
        }),
        'plainParams': 'default',
      }),
      'Oscillator4': dict({
        'SubOsc4': dict({
          'plainParams': dict({
            'kParamShape': 'kTriangle',
          }),
        }),
        'plainParams': dict({
          'kParamEnable': 1.0,
          'kParamVolume': 0.108206369127263,
        }),
      }),
      'PitchQuantizer0': dict({
        'plainParams': 'default',
        'scale': list([
          0,
          2,
          0,
          2,
          0,
          0,
          2,
          0,
          2,
          0,
          2,
          0,
        ]),
        'scaleName': 'Major',
      }),
      'RetriggerState0': dict({
        'plainParams': 'default',
      }),
      'RoutingSlot0': dict({
        'plainParams': 'default',
      }),
      'RoutingSlot1': dict({
        'plainParams': 'default',
      }),
      'RoutingSlot2': dict({
        'plainParams': 'default',
      }),
      'RoutingSlot3': dict({
        'plainParams': 'default',
      }),
      'RoutingSlot4': dict({
        'plainParams': 'default',
      }),
      'RoutingSlot5': dict({
        'plainParams': 'default',
      }),
      'RoutingSlot6': dict({
        'plainParams': 'default',
      }),
      'SerumGUI': dict({
        'kUIParamShowKeyboard': 1.0,
        'kUIParamShowMidiOut': 0.0,
      }),
      'SpectralOsc': list([
        dict({
          'kUIParamDisplayXYInput': 0.0,
          'kUIParamShowWaveformDisplay': 0.0,
        }),
        dict({
          'kUIParamDisplayXYInput': 0.0,
          'kUIParamShowWaveformDisplay': 0.0,
        }),
        dict({
          'kUIParamDisplayXYInput': 0.0,
          'kUIParamShowWaveformDisplay': 0.0,
        }),
      ]),
      'VoiceFilter0': dict({
        'plainParams': dict({
          'kParamDrive': 26.315787434577942,
          'kParamEnable': 1.0,
          'kParamReso': 18.333333730697632,
          'kParamType': 'H12',
          'kParamVar': 37.280699610710144,
        }),
      }),
      'VoiceFilter1': dict({
        'plainParams': 'default',
      }),
      'VoicePanel0': dict({
        'displayName': '',
        'plainParams': 'default',
      }),
      'WTOsc': list([
        dict({
          'kUIParamWTOverviewMouseTag': 1.0,
        }),
        dict({
          'kUIParamWTOverviewMouseTag': 1.0,
        }),
        dict({
          'kUIParamWTOverviewMouseTag': 0.0,
        }),
      ]),
      'arpBankDisplayName': '',
      'clipBankDisplayName': '',
      'fileType': 'SerumPreset',
      'lockOversampling': False,
      'lockTuning': False,
      'mpeConfig': 0,
      'mpeEnabled': True,
      'mpePitchBendRange': 48,
      'presetAuthor': 'endeavour    ',
      'presetDescription': ' ',
      'presetName': 'Synth__LFOish',
      'product': 'Serum2',
      'productVersion': '2.0.16',
      'scalars': dict({
        'note': dict({
          'curveVals': list([
            0.4999999701976776,
            0.4999999701976776,
          ]),
          'legato': False,
          'numPoints': 1,
          'xVals': list([
            0.0,
            1.0,
          ]),
          'yVals': list([
            1.0,
            0.0,
          ]),
        }),
        'velo': dict({
          'curveVals': list([
            0.4999999701976776,
            0.4999999701976776,
          ]),
          'legato': False,
          'numPoints': 1,
          'xVals': list([
            0.0,
            1.0,
          ]),
          'yVals': list([
            1.0,
            0.0,
          ]),
        }),
      }),
      'tags': list([
        'Wavetable',
        'Poly',
      ]),
      'url': 'https://xferrecords.com/',
      'vendor': 'Xfer Records',
      'version': 6.0,
    }),
    'metadata': dict({
      'fileType': 'SerumPreset',
      'hash': '4b6bcbf1bd77d60f0a0c0f89cb2966ff',
      'presetAuthor': 'endeavour    ',
      'presetDescription': ' ',
      'presetName': 'Synth__LFOish',
      'product': 'Serum2',
      'productVersion': '2.0.16',
      'tags': list([
        'Wavetable',
        'Poly',
      ]),
      'url': 'https://xferrecords.com/',
      'vendor': 'Xfer Records',
      'version': 6.0,
    }),
  })
# ---
# name: test_unpack_preset_snapshot
  dict({
    'data': dict({
      'Arp0': dict({
        'plainParams': 'default',
      }),
      'ArpClip0': dict({
        'clip': dict({
        }),
        'plainParams': 'default',
      }),
      'ArpClip1': dict({
        'clip': dict({
        }),
        'plainParams': 'default',
      }),
      'ArpClip10': dict({
        'clip': dict({
        }),
        'plainParams': 'default',
      }),
      'ArpClip11': dict({
        'clip': dict({
        }),
        'plainParams': 'default',
      }),
      'ArpClip2': dict({
        'clip': dict({
        }),
        'plainParams': 'default',
      }),
      'ArpClip3': dict({
        'clip': dict({
        }),
        'plainParams': 'default',
      }),
      'ArpClip4': dict({
        'clip': dict({
        }),
        'plainParams': 'default',
      }),
      'ArpClip5': dict({
        'clip': dict({
        }),
        'plainParams': 'default',
      }),
      'ArpClip6': dict({
        'clip': dict({
        }),
        'plainParams': 'default',
      }),
      'ArpClip7': dict({
        'clip': dict({
        }),
        'plainParams': 'default',
      }),
      'ArpClip8': dict({
        'clip': dict({
        }),
        'plainParams': 'default',
      }),
      'ArpClip9': dict({
        'clip': dict({
        }),
        'plainParams': 'default',
      }),
      'ClipPlayer': dict({
        'kUIParamPianoRollNotePreview': 1.0,
        'kUIParamPreviewClip': 0.0,
        'kUIParamSelectedClip': 0.0,
      }),
      'ClipPlayer0': dict({
        'plainParams': 'default',
      }),
      'Env0': dict({
        'plainParams': dict({
          'kParamAttack': 0.0005153631860372542,
          'kParamCurve1': 40.00000059604645,
          'kParamCurve2': 60.00000238418579,
          'kParamCurve3': 60.00000238418579,
          'kParamDecay': 0.4234790446837952,
          'kParamRelease': 0.014700845522658545,
          'kParamSustain': 0.7105262875556946,
        }),
      }),
      'Env1': dict({
        'plainParams': dict({
          'kParamAttack': 0.0005153631860372542,
          'kParamCurve1': 40.00000059604645,
          'kParamCurve2': 60.00000238418579,
          'kParamCurve3': 60.00000238418579,
          'kParamRelease': 0.014700845522658545,
        }),
      }),
      'Env2': dict({
        'plainParams': dict({
          'kParamAttack': 0.0005153631860372542,
          'kParamCurve1': 40.00000059604645,
          'kParamCurve2': 60.00000238418579,
          'kParamCurve3': 60.00000238418579,
          'kParamRelease': 0.014700845522658545,
        }),
      }),
      'Env3': dict({
        'plainParams': dict({
          'kParamCurve1': 50.0,
          'kParamCurve2': 66.60000000000001,
          'kParamCurve3': 66.60000000000001,
        }),
      }),
      'FXRack0': dict({
        'FX': list([
          dict({
            'FXEQ': dict({
              'plainParams': dict({
                'kParamFreq1': 209.61696906559536,
                'kParamFreq2': 2166.6000586664372,
                'kParamGain2': 3.5789451599121094,
                'kParamReso1': 50.789475440979004,
                'kParamReso2': 69.21052932739258,
              }),
            }),
            'type': 7,
          }),
          dict({
            'FXFlanger': dict({
              'lfophasor': 0.8317506909370422,
              'plainParams': dict({
                'kParamDepth': 84.64912176132202,
                'kParamFeedback': 37.71929740905762,
                'kParamRate': 0.14043214171193777,
                'kParamWidth': 172.1052610874176,
              }),
            }),
            'kUIParamMixOrGain': 0.0,
            'type': 1,
          }),
          dict({
            'FXChorus': dict({
              'lfophasor': 0.6879923343658447,
              'plainParams': dict({
                'kParamFeedback': 9.500000141561031,
              }),
            }),
            'kUIParamMixOrGain': 0.0,
            'type': 3,
          }),
          dict({
            'FXReverb': dict({
              'plainParams': dict({
                'kParamDelay': 0.0,
                'kParamFeedback': 28.00000011920929,
                'kParamFreqB': 50.0,
                'kParamPreDelay': 0.00359999983906746,
                'kParamSize': 33.000001311302185,
                'kParamWet': 10.964912176132202,
                'kParamWidth': 100.0,
              }),
            }),
            'kUIParamMixOrGain': 0.0,
            'type': 6,
          }),
        ]),
        'displayName': '',
        'plainParams': 'default',
      }),
      'FXRack1': dict({
        'FX': list([
        ]),
        'displayName': '',
        'plainParams': 'default',
      }),
      'FXRack2': dict({
        'FX': list([
        ]),
        'displayName': '',
        'plainParams': 'default',
      }),
      'Filter': dict({
        'kUIParamMixOrGain': 0.0,
      }),
      'Global0': dict({
        'plainParams': dict({
          'kParamLimitSameNotePolyphony': 1.0,
          'kParamMasterVolume': 0.29297234014183177,
          'kParamOversampling': 2.0,
          'kParamPolyCount': 16.0,
          'kParamPortamentoTime': 0.00026632126993771614,
          'kParamS1Compatibility': 1.0,
        }),
      }),
      'GranularOsc': list([
        dict({
          'kUIParamDisplayXYInput': 0.0,
        }),
        dict({
          'kUIParamDisplayXYInput': 0.0,
        }),
        dict({
          'kUIParamDisplayXYInput': 0.0,
        }),
      ]),
      'LFO0': dict({
        'curveData': dict({
          'curveVals': list([
            0.4999998,
            0.4999998,
            0.4999999701976776,
          ]),
          'loopbackPointNum': 65,
          'numPoints': 2,
          'xVals': list([
            0.0,
            0.5,
            1.0,
          ]),
          'yVals': list([
            1.0,
            0.0,
            1.0,
          ]),
        }),
        'pathData': dict({
        }),
        'plainParams': dict({
          'kParamDefaultMode': 0.0,
          'kParamMode': 'Free',
          'kParamRate': 3.1430085113453043,
          'kParamSmooth': 24.122805893421173,
        }),
      }),
      'LFO1': dict({
        'curveData': dict({
          'curveVals': list([
            0.4999999701976776,
            0.4999999701976776,
            0.4999999701976776,
          ]),
          'loopbackPointNum': 65,
          'numPoints': 2,
          'xVals': list([
            0.0,
            0.5,
            1.0,
          ]),
          'yVals': list([
            1.0,
            0.0,
            1.0,
          ]),
        }),
        'pathData': dict({
        }),
        'plainParams': dict({
          'kParamDefaultMode': 0.0,
          'kParamMode': 'Free',
        }),
      }),
      'LFO2': dict({
        'curveData': dict({
          'curveVals': list([
            0.4999999701976776,
            0.4999999701976776,
            0.4999999701976776,
          ]),
          'loopbackPointNum': 65,
          'numPoints': 2,
          'xVals': list([
            0.0,
            0.5,
            1.0,
          ]),
          'yVals': list([
            1.0,
            0.0,
            1.0,
          ]),
        }),
        'pathData': dict({
        }),
        'plainParams': dict({
          'kParamDefaultMode': 0.0,
          'kParamMode': 'Free',
        }),
      }),
      'LFO3': dict({
        'curveData': dict({
          'curveVals': list([
            0.4999999701976776,
            0.4999999701976776,
            0.4999999701976776,
          ]),
          'loopbackPointNum': 65,
          'numPoints': 2,
          'xVals': list([
            0.0,
            0.5,
            1.0,
          ]),
          'yVals': list([
            1.0,
            0.0,
            1.0,
          ]),
        }),
        'pathData': dict({
        }),
        'plainParams': dict({
          'kParamDefaultMode': 0.0,
          'kParamMode': 'Free',
        }),
      }),
      'LFO4': dict({
        'curveData': dict({
        }),
        'pathData': dict({
        }),
        'plainParams': dict({
          'kParamDefaultMode': 0.0,
          'kParamMode': 'Free',
        }),
      }),
      'LFO5': dict({
        'curveData': dict({
        }),
        'pathData': dict({
        }),
        'plainParams': dict({
          'kParamDefaultMode': 0.0,
          'kParamMode': 'Free',
        }),
      }),
      'LFO6': dict({
        'curveData': dict({
        }),
        'pathData': dict({
        }),
        'plainParams': dict({
          'kParamDefaultMode': 0.0,
          'kParamMode': 'Free',
        }),
      }),
      'LFO7': dict({
        'curveData': dict({
        }),
        'pathData': dict({
        }),
        'plainParams': dict({
          'kParamDefaultMode': 0.0,
          'kParamMode': 'Free',
        }),
      }),
      'LFO8': dict({
        'curveData': dict({
        }),
        'pathData': dict({
        }),
        'plainParams': dict({
          'kParamBeatSync': 0.0,
          'kParamDefaultMode': 0.0,
          'kParamDotted': 1.0,
          'kParamRate': 0.10000069729266844,
          'kParamRate10x': 1.0,
          'kParamTriplets': 1.0,
          'kParamType': 'Lorenz',
        }),
      }),
      'LFO9': dict({
        'curveData': dict({
        }),
        'pathData': dict({
        }),
        'plainParams': dict({
          'kParamBeatSync': 0.0,
          'kParamDefaultMode': 0.0,
          'kParamDotted': 1.0,
          'kParamRate': 0.10000069729266844,
          'kParamRate10x': 1.0,
          'kParamTriplets': 1.0,
          'kParamType': 'Rossler',
        }),
      }),
      'LFOPointModBus0': dict({
        'plainParams': 'default',
      }),
      'LFOPointModBus1': dict({
        'plainParams': 'default',
      }),
      'LFOPointModBus10': dict({
        'plainParams': 'default',
      }),
      'LFOPointModBus11': dict({
        'plainParams': 'default',
      }),
      'LFOPointModBus12': dict({
        'plainParams': 'default',
      }),
      'LFOPointModBus13': dict({
        'plainParams': 'default',
      }),
      'LFOPointModBus14': dict({
        'plainParams': 'default',
      }),
      'LFOPointModBus15': dict({
        'plainParams': 'default',
      }),
      'LFOPointModBus2': dict({
        'plainParams': 'default',
      }),
      'LFOPointModBus3': dict({
        'plainParams': 'default',
      }),
      'LFOPointModBus4': dict({
        'plainParams': 'default',
      }),
      'LFOPointModBus5': dict({
        'plainParams': 'default',
      }),
      'LFOPointModBus6': dict({
        'plainParams': 'default',
      }),
      'LFOPointModBus7': dict({
        'plainParams': 'default',
      }),
      'LFOPointModBus8': dict({
        'plainParams': 'default',
      }),
      'LFOPointModBus9': dict({
        'plainParams': 'default',
      }),
      'Macro0': dict({
        'plainParams': 'default',
      }),
      'Macro1': dict({
        'plainParams': 'default',
      }),
      'Macro2': dict({
        'plainParams': 'default',
      }),
      'Macro3': dict({
        'plainParams': 'default',
      }),
      'Macro4': dict({
        'plainParams': 'default',
      }),
      'Macro5': dict({
        'plainParams': 'default',
      }),
      'Macro6': dict({
        'plainParams': 'default',
      }),
      'Macro7': dict({
        'plainParams': 'default',
      }),
      'MidiClip0': dict({
        'clip': dict({
        }),
        'plainParams': 'default',
      }),
      'MidiClip1': dict({
        'clip': dict({
        }),
        'plainParams': 'default',
      }),
      'MidiClip10': dict({
        'clip': dict({
        }),
        'plainParams': 'default',
      }),
      'MidiClip11': dict({
        'clip': dict({
        }),
        'plainParams': 'default',
      }),
      'MidiClip2': dict({
        'clip': dict({
        }),
        'plainParams': 'default',
      }),
      'MidiClip3': dict({
        'clip': dict({
        }),
        'plainParams': 'default',
      }),
      'MidiClip4': dict({
        'clip': dict({
        }),
        'plainParams': 'default',
      }),
      'MidiClip5': dict({
        'clip': dict({
        }),
        'plainParams': 'default',
      }),
      'MidiClip6': dict({
        'clip': dict({
        }),
        'plainParams': 'default',
      }),
      'MidiClip7': dict({
        'clip': dict({
        }),
        'plainParams': 'default',
      }),
      'MidiClip8': dict({
        'clip': dict({
        }),
        'plainParams': 'default',
      }),
      'MidiClip9': dict({
        'clip': dict({
        }),
        'plainParams': 'default',
      }),
      'ModSlot0': dict({
        'destModuleID': 0,
        'destModuleParamID': 3,
        'destModuleParamName': 'kParamFreq',
        'destModuleTypeString': 'VoiceFilter',
        'plainParams': dict({
          'kParamAmount': 100.0,
          'kParamBipolar': 1.0,
        }),
        'source': list([
          6,
          0,
        ]),
      }),
      'ModSlot1': dict({
        'plainParams': 'default',
      }),
      'ModSlot10': dict({
        'plainParams': 'default',
      }),
      'ModSlot11': dict({
        'plainParams': 'default',
      }),
      'ModSlot12': dict({
        'plainParams': 'default',
      }),
      'ModSlot13': dict({
        'plainParams': 'default',
      }),
      'ModSlot14': dict({
        'plainParams': 'default',
      }),
      'ModSlot15': dict({
        'plainParams': 'default',
      }),
      'ModSlot16': dict({
        'plainParams': 'default',
      }),
      'ModSlot17': dict({
        'plainParams': 'default',
      }),
      'ModSlot18': dict({
        'plainParams': 'default',
      }),
      'ModSlot19': dict({
        'plainParams': 'default',
      }),
      'ModSlot2': dict({
        'plainParams': 'default',
      }),
      'ModSlot20': dict({
        'plainParams': 'default',
      }),
      'ModSlot21': dict({
        'plainParams': 'default',
      }),
      'ModSlot22': dict({
        'plainParams': 'default',
      }),
      'ModSlot23': dict({
        'plainParams': 'default',
      }),
      'ModSlot24': dict({
        'plainParams': 'default',
      }),
      'ModSlot25': dict({
        'plainParams': 'default',
      }),
      'ModSlot26': dict({
        'plainParams': 'default',
      }),
      'ModSlot27': dict({
        'plainParams': 'default',
      }),
      'ModSlot28': dict({
        'plainParams': 'default',
      }),
      'ModSlot29': dict({
        'plainParams': 'default',
      }),
      'ModSlot3': dict({
        'plainParams': 'default',
      }),
      'ModSlot30': dict({
        'plainParams': 'default',
      }),
      'ModSlot31': dict({
        'plainParams': 'default',
      }),
      'ModSlot32': dict({
        'plainParams': 'default',
      }),
      'ModSlot33': dict({
        'plainParams': 'default',
      }),
      'ModSlot34': dict({
        'plainParams': 'default',
      }),
      'ModSlot35': dict({
        'plainParams': 'default',
      }),
      'ModSlot36': dict({
        'plainParams': 'default',
      }),
      'ModSlot37': dict({
        'plainParams': 'default',
      }),
      'ModSlot38': dict({
        'plainParams': 'default',
      }),
      'ModSlot39': dict({
        'plainParams': 'default',
      }),
      'ModSlot4': dict({
        'plainParams': 'default',
      }),
      'ModSlot40': dict({
        'plainParams': 'default',
      }),
      'ModSlot41': dict({
        'plainParams': 'default',
      }),
      'ModSlot42': dict({
        'plainParams': 'default',
      }),
      'ModSlot43': dict({
        'plainParams': 'default',
      }),
      'ModSlot44': dict({
        'plainParams': 'default',
      }),
      'ModSlot45': dict({
        'plainParams': 'default',
      }),
      'ModSlot46': dict({
        'plainParams': 'default',
      }),
      'ModSlot47': dict({
        'plainParams': 'default',
      }),
      'ModSlot48': dict({
        'plainParams': 'default',
      }),
      'ModSlot49': dict({
        'plainParams': 'default',
      }),
      'ModSlot5': dict({
        'plainParams': 'default',
      }),
      'ModSlot50': dict({
        'plainParams': 'default',
      }),
      'ModSlot51': dict({
        'plainParams': 'default',
      }),
      'ModSlot52': dict({
        'plainParams': 'default',
      }),
      'ModSlot53': dict({
        'plainParams': 'default',
      }),
      'ModSlot54': dict({
        'plainParams': 'default',
      }),
      'ModSlot55': dict({
        'plainParams': 'default',
      }),
      'ModSlot56': dict({
        'plainParams': 'default',
      }),
      'ModSlot57': dict({
        'plainParams': 'default',
      }),
      'ModSlot58': dict({
        'plainParams': 'default',
      }),
      'ModSlot59': dict({
        'plainParams': 'default',
      }),
      'ModSlot6': dict({
        'plainParams': 'default',
      }),
      'ModSlot60': dict({
        'plainParams': 'default',
      }),
      'ModSlot61': dict({
        'plainParams': 'default',
      }),
      'ModSlot62': dict({
        'plainParams': 'default',
      }),
      'ModSlot63': dict({
        'plainParams': 'default',
      }),
      'ModSlot7': dict({
        'plainParams': 'default',
      }),
      'ModSlot8': dict({
        'plainParams': 'default',
      }),
      'ModSlot9': dict({
        'plainParams': 'default',
      }),
      'MultiSampleOsc': list([
        dict({
          'kUIParamMultiSampleOverviewMouseTag': 0.0,
        }),
        dict({
          'kUIParamMultiSampleOverviewMouseTag': 0.0,
        }),
        dict({
          'kUIParamMultiSampleOverviewMouseTag': 0.0,
        }),
      ]),
      'Osc': list([
        dict({
          'kUIParamAutoSyncSlicing': 0.0,
          'kUIParamShowMarkerAnimations': 0.0,
          'kUIParamZoomToStartEnd': 0.0,
        }),
        dict({
          'kUIParamAutoSyncSlicing': 0.0,
          'kUIParamShowMarkerAnimations': 0.0,
          'kUIParamZoomToStartEnd': 0.0,
        }),
        dict({
          'kUIParamAutoSyncSlicing': 0.0,
          'kUIParamShowMarkerAnimations': 0.0,
          'kUIParamZoomToStartEnd': 0.0,
        }),
        dict({
          'kUIParamAutoSyncSlicing': 0.0,
          'kUIParamShowMarkerAnimations': 0.0,
          'kUIParamZoomToStartEnd': 0.0,
        }),
        dict({
          'kUIParamAutoSyncSlicing': 0.0,
          'kUIParamShowMarkerAnimations': 0.0,
          'kUIParamZoomToStartEnd': 0.0,
        }),
      ]),
      'Oscillator0': dict({
        'GranularOsc0': dict({
          'plainParams': 'default',
        }),
        'MultiSampleOsc0': dict({
          'plainParams': 'default',
        }),
        'SampleOsc0': dict({
          'plainParams': 'default',
        }),
        'SpectralOsc0': dict({
          'plainParams': 'default',
        }),
        'WTOsc0': dict({
          'flex': dict({
            'curveVals': list([
              0.4999999701976776,
              0.4999999701976776,
            ]),
            'numPoints': 1,
            'xVals': list([
              0.0,
              1.0,
            ]),
            'yVals': list([
              1.0,
              0.0,
            ]),
          }),
          'numChannels': 1,
          'numFrames': 81920,
          'plainParams': dict({
            'kParamInitialPhase': 173.68422389030457,
            'kParamWarp': 0.23245611786842346,
            'kParamWarpMenu': 'kSync',
          }),
          'relativePathToWT': 'Analog/Acid.wav',
          'sampleRate': 44100,
        }),
        'plainParams': dict({
          'kParamPan': -0.43859779834747314,
        }),
      }),
      'Oscillator1': dict({
        'GranularOsc1': dict({
          'plainParams': 'default',
        }),
        'MultiSampleOsc1': dict({
          'plainParams': 'default',
        }),
        'SampleOsc1': dict({
          'plainParams': 'default',
        }),
        'SpectralOsc1': dict({
          'plainParams': 'default',
        }),
        'WTOsc1': dict({
          'flex': dict({
            'curveVals': list([
              0.4999999701976776,
              0.4999999701976776,
            ]),
            'numPoints': 1,
            'xVals': list([
              0.0,
              1.0,
            ]),
            'yVals': list([
              1.0,
              0.0,
            ]),
          }),
          'numChannels': 1,
          'numFrames': 83968,
          'plainParams': dict({
            'kParamWarpMenu': 'kSync',
          }),
          'relativePathToWT': 'Vowel/WahWah.wav',
          'sampleRate': 44100,
        }),
        'plainParams': dict({
          'kParamEnable': 1.0,
        }),
      }),
      'Oscillator2': dict({
        'GranularOsc2': dict({
          'plainParams': 'default',
        }),
        'MultiSampleOsc2': dict({
          'plainParams': 'default',
        }),
        'SampleOsc2': dict({
          'plainParams': 'default',
        }),
        'SpectralOsc2': dict({
          'plainParams': 'default',
        }),
        'WTOsc2': dict({
          'flex': dict({
          }),
          'numChannels': 1,
          'numFrames': 18432,
          'plainParams': 'default',
          'relativePathToWT': 'S2 Tables/Default Shapes.wav',
          'sampleRate': 44100,
        }),
        'plainParams': 'default',
      }),
      'Oscillator3': dict({
        'NoiseOsc3': dict({
          'detuneFactor': 0.4758218478413068,
          'numChannels': 1,
          'numFrames': 63729,
          'plainParams': 'default',
          'relativePathToNoiseSample': 'Organics/Air Can 4.wav',
          'sampleRate': 44100,
        }),
        'plainParams': 'default',
      }),
      'Oscillator4': dict({
        'SubOsc4': dict({
          'plainParams': dict({
            'kParamShape': 'kTriangle',
          }),
        }),
        'plainParams': dict({
          'kParamEnable': 1.0,
          'kParamVolume': 0.108206369127263,
        }),
      }),
      'PitchQuantizer0': dict({
        'plainParams': 'default',
        'scale': list([
          0,
          2,
          0,
          2,
          0,
          0,
          2,
          0,
          2,
          0,
          2,
          0,
        ]),
        'scaleName': 'Major',
      }),
      'RetriggerState0': dict({
        'plainParams': 'default',
      }),
      'RoutingSlot0': dict({
        'plainParams': 'default',
      }),
      'RoutingSlot1': dict({
        'plainParams': 'default',
      }),
      'RoutingSlot2': dict({
        'plainParams': 'default',
      }),
      'RoutingSlot3': dict({
        'plainParams': 'default',
      }),
      'RoutingSlot4': dict({
        'plainParams': 'default',
      }),
      'RoutingSlot5': dict({
        'plainParams': 'default',
      }),
      'RoutingSlot6': dict({
        'plainParams': 'default',
      }),
      'SerumGUI': dict({
        'kUIParamShowKeyboard': 1.0,
        'kUIParamShowMidiOut': 0.0,
      }),
      'SpectralOsc': list([
        dict({
          'kUIParamDisplayXYInput': 0.0,
          'kUIParamShowWaveformDisplay': 0.0,
        }),
        dict({
          'kUIParamDisplayXYInput': 0.0,
          'kUIParamShowWaveformDisplay': 0.0,
        }),
        dict({
          'kUIParamDisplayXYInput': 0.0,
          'kUIParamShowWaveformDisplay': 0.0,
        }),
      ]),
      'VoiceFilter0': dict({
        'plainParams': dict({
          'kParamDrive': 26.315787434577942,
          'kParamEnable': 1.0,
          'kParamReso': 18.333333730697632,
          'kParamType': 'H12',
          'kParamVar': 37.280699610710144,
        }),
      }),
      'VoiceFilter1': dict({
        'plainParams': 'default',
      }),
      'VoicePanel0': dict({
        'displayName': '',
        'plainParams': 'default',
      }),
      'WTOsc': list([
        dict({
          'kUIParamWTOverviewMouseTag': 1.0,
        }),
        dict({
          'kUIParamWTOverviewMouseTag': 1.0,
        }),
        dict({
          'kUIParamWTOverviewMouseTag': 0.0,
        }),
      ]),
      'arpBankDisplayName': '',
      'clipBankDisplayName': '',
      'fileType': 'SerumPreset',
      'lockOversampling': False,
      'lockTuning': False,
      'mpeConfig': 0,
      'mpeEnabled': True,
      'mpePitchBendRange': 48,
      'presetAuthor': 'endeavour    ',
      'presetDescription': ' ',
      'presetName': 'Synth__LFOish',
      'product': 'Serum2',
      'productVersion': '2.0.16',
      'scalars': dict({
        'note': dict({
          'curveVals': list([
            0.4999999701976776,
            0.4999999701976776,
          ]),
          'legato': False,
          'numPoints': 1,
          'xVals': list([
            0.0,
            1.0,
          ]),
          'yVals': list([
            1.0,
            0.0,
          ]),
        }),
        'velo': dict({
          'curveVals': list([
            0.4999999701976776,
            0.4999999701976776,
          ]),
          'legato': False,
          'numPoints': 1,
          'xVals': list([
            0.0,
            1.0,
          ]),
          'yVals': list([
            1.0,
            0.0,
          ]),
        }),
      }),
      'tags': list([
        'Wavetable',
        'Poly',
      ]),
      'url': 'https://xferrecords.com/',
      'vendor': 'Xfer Records',
      'version': 6.0,
    }),
    'metadata': dict({
      'fileType': 'SerumPreset',
      'hash': '4b6bcbf1bd77d60f0a0c0f89cb2966ff',
      'presetAuthor': 'endeavour    ',
      'presetDescription': ' ',
      'presetName': 'Synth__LFOish',
      'product': 'Serum2',
      'productVersion': '2.0.16',
      'tags': list([
        'Wavetable',
        'Poly',
      ]),
      'url': 'https://xferrecords.com/',
      'vendor': 'Xfer Records',
      'version': 6.0,
    }),
  })
# ---
